
> server@1.0.0 test
> jest --runInBand src/test/test.js

  console.log
    [dotenv@17.2.3] injecting env (3) from .env -- tip: ≡ƒùé∩╕Å backup and recover secrets: https://dotenvx.com/ops

      at _log (node_modules/dotenv/lib/main.js:142:11)

  console.log
    [dotenv@17.2.3] injecting env (0) from .env -- tip: ≡ƒöÉ encrypt with Dotenvx: https://dotenvx.com

      at _log (node_modules/dotenv/lib/main.js:142:11)

  console.log
    [dotenv@17.2.3] injecting env (0) from .env -- tip: ≡ƒöæ add access controls to secrets: https://dotenvx.com/ops

      at _log (node_modules/dotenv/lib/main.js:142:11)

  console.log
    [dotenv@17.2.3] injecting env (0) from .env -- tip: Γ£à audit secrets and track compliance: https://dotenvx.com/ops

      at _log (node_modules/dotenv/lib/main.js:142:11)

  console.log
    MongoDB Connected Sucessfully

      at log (src/config/db.js:9:17)

  console.log
    admin already exists: admin@sece.ac.in

      at log (src/seed.js:42:17)

  console.log
    superadmin already exists: superadmin@sece.ac.in

      at log (src/seed.js:42:17)

  console.log
    Seeding finished.

      at log (src/seed.js:46:13)

  console.log
    Server running on port 5010

      at Server.log (src/server.js:49:13)

node.exe : FAIL src/test/test.js
At C:\nvm4w\nodejs\npm.ps1:16 
char:5
+     & "$basedir/node$exe"  "$bas
edir/node_modules/npm/bin/npm-cli.
js" ...
+     ~~~~~~~~~~~~~~~~~~~~~~~~~~~~
~~~~~~~~~~~~~~~~~~~~~~~~~~~~~~~~~~
~~~
    + CategoryInfo          : Not 
   Specified: (FAIL src/test/tes  
  t.js:String) [], RemoteExcept   
 ion
    + FullyQualifiedErrorId : Nat 
   iveCommandError
 
  QPulse API integration (full 
coverage)
    Auth API
      ΓêÜ logs in superadmin and 
sets token cookie (84 ms)
      ΓêÜ logs in admin 
successfully (78 ms)
      ΓêÜ rejects login for wrong 
password (79 ms)
      ΓêÜ rejects login for 
unknown user (7 ms)
      ΓêÜ rejects login when 
email is missing (5 ms)
      ΓêÜ rejects login when 
password is missing (5 ms)
      ΓêÜ rejects logout without 
token (7 ms)
      ΓêÜ rejects logout with 
malformed token (9 ms)
      ΓêÜ logs out successfully 
with valid token (12 ms)
    Authorization guards
      ΓêÜ blocks fee structure 
create for admin (11 ms)
      ΓêÜ blocks student create 
for admin (12 ms)
      ΓêÜ blocks protected route 
without token (5 ms)
    Fee Structure API
      ΓêÜ creates primary fee 
structure (45 ms)
      ΓêÜ creates secondary fee 
structure (30 ms)
      ΓêÜ rejects duplicate year 
creation (11 ms)
      ΓêÜ rejects invalid 
academicYear format (10 ms)
      ΓêÜ lists fee structures 
(28 ms)
      ΓêÜ gets fee structure by 
year (12 ms)
      ΓêÜ returns 404 for unknown 
year (9 ms)
      ΓêÜ updates fee structure 
(46 ms)
      ΓêÜ reactivates fee 
structure for student ledger 
generation (46 ms)
      ΓêÜ rejects invalid update 
payload (7 ms)
      ΓêÜ returns 400 updating 
unknown year (31 ms)
      ΓêÜ returns 404 deleting 
unknown year (8 ms)
    Students API
      ΓêÜ rejects invalid rollNo 
on create (9 ms)
      ΓêÜ rejects invalid gender 
on create (7 ms)
      ΓêÜ rejects invalid hostel 
sharingType on create (8 ms)
      ΓêÜ creates CRUD student 
and tracking (49 ms)
      ΓêÜ creates finance student 
(44 ms)
      ├ù creates student with 
hostel (8 ms)
      ΓêÜ rejects duplicate 
create (9 ms)
      ΓêÜ lists students (14 ms)
      ΓêÜ gets student by rollNo 
(12 ms)
      ΓêÜ returns 404 for unknown 
student (7 ms)
      ΓêÜ updates student fields 
(13 ms)
      ΓêÜ rejects invalid update 
payload (6 ms)
      ΓêÜ returns 404 updating 
unknown student (10 ms)
      ΓêÜ returns 404 deleting 
unknown student (7 ms)
      ΓêÜ deletes CRUD student 
and tracking (15 ms)
    Fee Payment / Transaction API
      ΓêÜ rejects payment without 
auth token (4 ms)
      ΓêÜ rejects payment with 
missing fields (11 ms)
      ΓêÜ rejects payment with 
invalid paymentType (11 ms)
      ΓêÜ rejects payment with 
empty breakdowns (7 ms)
      ΓêÜ rejects payment with 
invalid semester (9 ms)
      ΓêÜ rejects payment with 
invalid academicYear (11 ms)
      ΓêÜ rejects payment for 
unknown rollNo (13 ms)
      ΓêÜ records first payment 
(42 ms)
      ΓêÜ records second payment 
with decimals (25 ms)
      ΓêÜ gets student 
transactions (20 ms)
      ΓêÜ returns 404 for missing 
transactions (9 ms)
      ΓêÜ gets recent payments 
without filters (11 ms)
      ΓêÜ gets recent payments 
with filters (10 ms)
      ΓêÜ updates fee tracking 
paid total after payment (3 ms)
    Fee Tracking API
      ΓêÜ rejects summary access 
without token (8 ms)
      ΓêÜ gets year summary (11 
ms)
      ΓêÜ gets student fee 
summary (8 ms)
      ΓêÜ returns 404 for unknown 
fee summary student (9 ms)
      ΓêÜ filters students by 
department and year (9 ms)
      ΓêÜ filters students by 
name (8 ms)
      ΓêÜ rejects receipt update 
with no fields (7 ms)
      ΓêÜ rejects receipt update 
with invalid paymentType (6 ms)
      ΓêÜ returns 400 for unknown 
receipt update (7 ms)
      ├ù updates receipt 
successfully (19 ms)
      ΓêÜ rejects concession 
update when concessions missing 
(8 ms)
      ΓêÜ rejects concession 
update with invalid precision (9 
ms)
      ΓêÜ returns 400 for unknown 
student concession update (13 ms)
      ΓêÜ returns 400 for unknown 
academic year concession (10 ms)
      ΓêÜ updates concession 
successfully (26 ms)
    Transport API
      ΓêÜ returns full mapping 
(10 ms)
      ΓêÜ returns stops without 
filters (7 ms)
      ΓêÜ returns stops by route 
(6 ms)
      ΓêÜ rejects stops route 
non-string (3 ms)
      ΓêÜ rejects buses when stop 
missing (3 ms)
      ΓêÜ rejects buses for blank 
stop (3 ms)
      ΓêÜ returns buses for valid 
stop (7 ms)
      ΓêÜ rejects fees without 
filters (3 ms)
      ΓêÜ rejects fees with 
non-string busNo (2 ms)
      ΓêÜ returns fees by busNo 
(4 ms)
      ΓêÜ returns fees by stop (4 
ms)
      ΓêÜ returns fees by busNo 
and stop (4 ms)
    Generic and cleanup
      ΓêÜ returns 404 for unknown 
endpoint (3 ms)
      ΓêÜ deletes secondary fee 
structure (10 ms)
      ΓêÜ deletes primary fee 
structure (8 ms)
      ΓêÜ deletes finance student 
(18 ms)

  ΓùÅ QPulse API integration 
(full coverage) ΓÇ║ Students API 
ΓÇ║ creates student with hostel

    
expect(received).toBe(expected) 
// Object.is equality

    Expected: 201
    Received: 400

    [0m [90m 443 |[39m         
[33m.[39msend(payload)[33m;[39
m
     [90m 444 |[39m
    [31m[1m>[22m[39m[90m 445 
|[39m       expect(response[33m.
[39mstatus)[33m.[39mtoBe([35m2
01[39m)[33m;[39m
     [90m     |[39m             
                  
[31m[1m^[22m[39m
     [90m 446 |[39m
     [90m 447 |[39m       
[36mconst[39m trackingDoc 
[33m=[39m [36mawait[39m [33mS
tudentFeeTracking[39m[33m.[39mf
indOne({ rollNo[33m:[39m testCtx
[33m.[39mstudentRollHostel 
})[33m;[39m
     [90m 448 |[39m       expect
(trackingDoc)[33m.[39mtoBeTruthy
()[33m;[39m[0m

      at Object.toBe 
(src/test/test.js:445:31)

  ΓùÅ QPulse API integration 
(full coverage) ΓÇ║ Fee Tracking 
API ΓÇ║ updates receipt 
successfully

    expect(received).toBeTruthy()

    Received: null

    [0m [90m 810 |[39m
     [90m 811 |[39m       
[36mconst[39m log [33m=[39m 
[36mawait[39m [33mActivityLog[
39m[33m.[39mfindOne({ 
endpoint[33m:[39m [32m`/api/stu
dentFeeTracking/receipt/${testCtx.
receiptOne}`[39m })[33m;[39m
    [31m[1m>[22m[39m[90m 812 
|[39m       expect(log)[33m.[39
mtoBeTruthy()[33m;[39m
     [90m     |[39m             
      [31m[1m^[22m[39m
     [90m 813 |[39m     
})[33m;[39m
     [90m 814 |[39m
     [90m 815 |[39m     
it([32m"rejects concession 
update when concessions 
missing"[39m[33m,[39m 
[36masync[39m () [33m=>[39m 
{[0m

      at Object.toBeTruthy 
(src/test/test.js:812:19)

Test Suites: 1 failed, 1 total
Tests:       2 failed, 82 passed, 
84 total
Snapshots:   0 total
Time:        2.995 s, estimated 4 
s
Ran all test suites matching 
src/test/test.js.
